 minispy

 Timestamp is 5b39980c (Mon Jul  2 10:12:12 2018)

 Preferred load address is 00400000

 Start         Length     Name                   Class
 0001:00000000 00001625H .text$mn                CODE
 0001:00001626 000000a6H .text$s                 CODE
 0002:00000000 000000c0H .idata$5                DATA
 0002:000000c0 00000004H .00cfg                  DATA
 0002:000000d0 000000e0H .rdata                  DATA
 0002:000001b0 00000008H .rdata$sxdata           DATA
 0002:000001b8 000001e4H .rdata$zzzdbg           DATA
 0002:000003a0 00000064H .xdata$x                DATA
 0003:00000000 0000001cH .data                   DATA
 0003:00000020 000004b8H .bss                    DATA
 0004:00000000 00000c22H PAGE                    CODE
 0004:00000c22 00000220H PAGE$s                  CODE
 0005:00000000 0000038bH INIT                    CODE
 0005:0000038c 0000009cH INIT$s                  CODE
 0005:00000428 0000003cH .idata$2                CODE
 0005:00000464 00000014H .idata$3                CODE
 0005:00000478 000000c0H .idata$4                CODE
 0005:00000538 00000430H .idata$6                CODE
 0006:00000000 00000394H INIT                    DATA
 0007:00000000 000000b0H .rsrc$01                DATA
 0007:000000b0 000003a8H .rsrc$02                DATA

  Address         Publics by Value              Rva+Base       Lib:Object

 0000:00000000       ___guard_fids_count        00000000     <absolute>
 0000:00000000       ___guard_fids_table        00000000     <absolute>
 0000:00000000       ___guard_iat_count         00000000     <absolute>
 0000:00000000       ___guard_longjmp_count     00000000     <absolute>
 0000:00000000       ___guard_flags             00000000     <absolute>
 0000:00000000       ___guard_iat_table         00000000     <absolute>
 0000:00000000       ___guard_longjmp_table     00000000     <absolute>
 0000:00000002       ___safe_se_handler_count   00000002     <absolute>
 0001:00000000       _InitializeListHead@4      00401000 f i minispy.obj
 0001:00000020       _RtlInitEmptyUnicodeString@12 00401020 f i minispy.obj
 0001:00000050       _SpyDeleteTxfContext@8     00401050 f   minispy.obj
 0001:000000c0       _SpyEnlistInTransaction@4  004010c0 f   minispy.obj
 0001:00000310       _SpyExceptionFilter@8      00401310 f   minispy.obj
 0001:00000350       _SpyKtmNotificationCallback@12 00401350 f   minispy.obj
 0001:00000390       _SpyPostOperationCallback@16 00401390 f   minispy.obj
 0001:000004c0       _SpyPreOperationCallback@12 004014c0 f   minispy.obj
 0001:000007e0       _ExAllocateFromNPagedLookasideList@4 004017e0 f i mspyLib.obj
 0001:00000850       _ExFreeToNPagedLookasideList@8 00401850 f i mspyLib.obj
 0001:000008b0       _FatalListEntryError@12    004018b0 f i mspyLib.obj
 0001:000008c0       _InsertHeadList@8          004018c0 f i mspyLib.obj
 0001:00000920       _InsertTailList@8          00401920 f i mspyLib.obj
 0001:00000980       _IsListEmpty@4             00401980 f i mspyLib.obj
 0001:000009b0       _RemoveHeadList@4          004019b0 f i mspyLib.obj
 0001:00000a10       _RtlFailFast@4             00401a10 f i mspyLib.obj
 0001:00000a20       _RtlpCheckListEntry@4      00401a20 f i mspyLib.obj
 0001:00000a60       _SpyAllocateBuffer@4       00401a60 f   mspyLib.obj
 0001:00000ad0       _SpyEmptyOutputBufferList@0 00401ad0 f   mspyLib.obj
 0001:00000b50       _SpyFreeBuffer@4           00401b50 f   mspyLib.obj
 0001:00000b70       _SpyFreeRecord@4           00401b70 f   mspyLib.obj
 0001:00000bd0       _SpyGetLog@12              00401bd0 f   mspyLib.obj
 0001:00000e10       _SpyLog@4                  00401e10 f   mspyLib.obj
 0001:00000e50       _SpyLogPostOperationData@8 00401e50 f   mspyLib.obj
 0001:00000e90       _SpyLogPreOperationData@12 00401e90 f   mspyLib.obj
 0001:00000fb0       _SpyLogTransactionNotify@12 00401fb0 f   mspyLib.obj
 0001:00001050       _SpyNewRecord@0            00402050 f   mspyLib.obj
 0001:000010e0       _SpySetRecordNameAndEcpData@12 004020e0 f   mspyLib.obj
 0001:000011f0       _TxNotificationToMinorCode@4 004021f0 f   mspyLib.obj
 0001:0000128a       ___report_gsfailure        0040228a f   BufferOverflowFastFailK:gs_report.obj
 0001:00001298       ___report_rangecheckfailure 00402298 f   BufferOverflowFastFailK:gs_report.obj
 0001:0000129e       @__security_check_cookie@4 0040229e f   BufferOverflowFastFailK:secchk.obj
 0001:000012ae       __snwprintf                004022ae f   ntoskrnl:ntoskrnl.exe
 0001:000012c0       __except_handler4          004022c0 f   ntoskrnl:chandler4.obj
 0001:00001418       _memcpy                    00402418 f   ntoskrnl:ntoskrnl.exe
 0001:0000141e       _memcmp                    0040241e f   ntoskrnl:ntoskrnl.exe
 0001:00001424       _memset                    00402424 f   ntoskrnl:ntoskrnl.exe
 0001:0000142c       __local_unwind4            0040242c f   ntoskrnl:exsup4.obj
 0001:00001502       __seh_longjmp_unwind4@4    00402502 f   ntoskrnl:exsup4.obj
 0001:0000151e       @_EH4_CallFilterFunc@8     0040251e f   ntoskrnl:exsup4.obj
 0001:00001535       @_EH4_TransferToHandler@8  00402535 f   ntoskrnl:exsup4.obj
 0001:0000154e       @_EH4_GlobalUnwind@4       0040254e f   ntoskrnl:exsup4.obj
 0001:00001568       @_EH4_LocalUnwind@16       00402568 f   ntoskrnl:exsup4.obj
 0001:00001580       __NLG_Notify1              00402580 f   ntoskrnl:_nlgsupp.obj
 0001:00001589       __NLG_Notify               00402589 f   ntoskrnl:_nlgsupp.obj
 0001:000015a0       __NLG_Dispatch             004025a0     ntoskrnl:_nlgsupp.obj
 0001:000015a0       __NLG_Dispatch2            004025a0     ntoskrnl:_nlgsupp.obj
 0001:000015a8       __NLG_Call                 004025a8 f   ntoskrnl:_nlgsupp.obj
 0001:000015aa       __NLG_Return2              004025aa     ntoskrnl:_nlgsupp.obj
 0001:000015ac       _RtlUnwind@16              004025ac f   ntoskrnl:ntoskrnl.exe
 0001:000015b2       _FltRegisterFilter@12      004025b2 f   fltMgr:FLTMGR.SYS
 0001:000015b8       _FltUnregisterFilter@4     004025b8 f   fltMgr:FLTMGR.SYS
 0001:000015be       _FltStartFiltering@4       004025be f   fltMgr:FLTMGR.SYS
 0001:000015c4       _FltGetRoutineAddress@4    004025c4 f   fltMgr:FLTMGR.SYS
 0001:000015ca       _FltGetFileNameInformation@12 004025ca f   fltMgr:FLTMGR.SYS
 0001:000015d0       _FltReleaseFileNameInformation@4 004025d0 f   fltMgr:FLTMGR.SYS
 0001:000015d6       _FltParseFileNameInformation@4 004025d6 f   fltMgr:FLTMGR.SYS
 0001:000015dc       _FltAllocateContext@20     004025dc f   fltMgr:FLTMGR.SYS
 0001:000015e2       _FltDeleteContext@4        004025e2 f   fltMgr:FLTMGR.SYS
 0001:000015e8       _FltReleaseContext@4       004025e8 f   fltMgr:FLTMGR.SYS
 0001:000015ee       _FltCreateCommunicationPort@32 004025ee f   fltMgr:FLTMGR.SYS
 0001:000015f4       _FltCloseCommunicationPort@4 004025f4 f   fltMgr:FLTMGR.SYS
 0001:000015fa       _FltCloseClientPort@8      004025fa f   fltMgr:FLTMGR.SYS
 0001:00001600       _FltBuildDefaultSecurityDescriptor@8 00402600 f   fltMgr:FLTMGR.SYS
 0001:00001606       _FltFreeSecurityDescriptor@4 00402606 f   fltMgr:FLTMGR.SYS
 0001:0000160c       _FltGetDeviceObject@8      0040260c f   fltMgr:FLTMGR.SYS
 0001:00001612       _FltGetEcpListFromCallbackData@12 00402612 f   fltMgr:FLTMGR.SYS
 0001:00001618       _FltGetNextExtraCreateParameter@24 00402618 f   fltMgr:FLTMGR.SYS
 0001:0000161e       _FltIsEcpFromUserMode@8    0040261e f   fltMgr:FLTMGR.SYS
 0001:00001624       @_guard_check_icall_nop@4  00402624 f i BufferOverflowFastFailK:guard_support.obj
 0001:00001626       ??_C@_1BG@DLLGGIDJ@?$AA?$DM?$AA?$CF?$AA0?$AA8?$AAx?$AA?$DO?$AA?5?$AA?$CF?$AAw?$AAZ?$AA?$AA@FNODOBFM@ 00402626     minispy.obj
 0001:0000163c       ??_C@_1GE@GOOEDKNI@?$AA?$DM?$AAN?$AAO?$AA?5?$AAN?$AAA?$AAM?$AAE?$AA?3?$AA?5?$AAN?$AAo?$AAr?$AAm?$AAa?$AAl?$AAi?$AAz?$AAe?$AAS?$AAt?$AAa?$AAt?$AAu?$AAs?$AA?$DN?$AA?$CF?$AA0?$AA8?$AAx?$AA?5?$AAO@FNODOBFM@ 0040263c     minispy.obj
 0001:000016a0       ??_C@_1BE@ECKFOCEH@?$AA?$DM?$AAN?$AAO?$AA?5?$AAN?$AAA?$AAM?$AAE?$AA?$DO?$AA?$AA@FNODOBFM@ 004026a0     minispy.obj
 0001:000016b4       ??_C@_1BA@GLJAAEHE@?$AA?$CF?$AAw?$AAZ?$AA?5?$AA?$CF?$AAw?$AAZ?$AA?$AA@FNODOBFM@ 004026b4     mspyLib.obj
 0001:000016c4       ??_C@_17JJNMJOBL@?$AA?$CF?$AAw?$AAZ?$AA?$AA@FNODOBFM@ 004026c4     mspyLib.obj
 0002:00000000       __imp__FltIsEcpFromUserMode@8 00403000     fltMgr:FLTMGR.SYS
 0002:00000004       __imp__FltGetNextExtraCreateParameter@24 00403004     fltMgr:FLTMGR.SYS
 0002:00000008       __imp__FltGetEcpListFromCallbackData@12 00403008     fltMgr:FLTMGR.SYS
 0002:0000000c       __imp__FltGetDeviceObject@8 0040300c     fltMgr:FLTMGR.SYS
 0002:00000010       __imp__FltFreeSecurityDescriptor@4 00403010     fltMgr:FLTMGR.SYS
 0002:00000014       __imp__FltBuildDefaultSecurityDescriptor@8 00403014     fltMgr:FLTMGR.SYS
 0002:00000018       __imp__FltCloseClientPort@8 00403018     fltMgr:FLTMGR.SYS
 0002:0000001c       __imp__FltCloseCommunicationPort@4 0040301c     fltMgr:FLTMGR.SYS
 0002:00000020       __imp__FltCreateCommunicationPort@32 00403020     fltMgr:FLTMGR.SYS
 0002:00000024       __imp__FltReleaseContext@4 00403024     fltMgr:FLTMGR.SYS
 0002:00000028       __imp__FltDeleteContext@4  00403028     fltMgr:FLTMGR.SYS
 0002:0000002c       __imp__FltAllocateContext@20 0040302c     fltMgr:FLTMGR.SYS
 0002:00000030       __imp__FltParseFileNameInformation@4 00403030     fltMgr:FLTMGR.SYS
 0002:00000034       __imp__FltReleaseFileNameInformation@4 00403034     fltMgr:FLTMGR.SYS
 0002:00000038       __imp__FltGetFileNameInformation@12 00403038     fltMgr:FLTMGR.SYS
 0002:0000003c       __imp__FltGetRoutineAddress@4 0040303c     fltMgr:FLTMGR.SYS
 0002:00000040       __imp__FltStartFiltering@4 00403040     fltMgr:FLTMGR.SYS
 0002:00000044       __imp__FltUnregisterFilter@4 00403044     fltMgr:FLTMGR.SYS
 0002:00000048       __imp__FltRegisterFilter@12 00403048     fltMgr:FLTMGR.SYS
 0002:0000004c       \177FLTMGR_NULL_THUNK_DATA 0040304c     fltMgr:FLTMGR.SYS
 0002:00000050       __imp_@KfReleaseSpinLock@8 00403050     hal:HAL.dll
 0002:00000054       __imp_@KfAcquireSpinLock@4 00403054     hal:HAL.dll
 0002:00000058       __imp__KeGetCurrentIrql@0  00403058     hal:HAL.dll
 0002:0000005c       \177HAL_NULL_THUNK_DATA    0040305c     hal:HAL.dll
 0002:00000060       __imp__RtlUnwind@16        00403060     ntoskrnl:ntoskrnl.exe
 0002:00000064       __imp__memset              00403064     ntoskrnl:ntoskrnl.exe
 0002:00000068       __imp__memcmp              00403068     ntoskrnl:ntoskrnl.exe
 0002:0000006c       __imp__RtlIpv6AddressToStringExA@20 0040306c     ntoskrnl:ntoskrnl.exe
 0002:00000070       __imp__RtlIpv4AddressToStringExA@16 00403070     ntoskrnl:ntoskrnl.exe
 0002:00000074       __imp__PsGetCurrentThreadId@0 00403074     ntoskrnl:ntoskrnl.exe
 0002:00000078       __imp__ZwQueryValueKey@24  00403078     ntoskrnl:ntoskrnl.exe
 0002:0000007c       __imp__ZwOpenKey@12        0040307c     ntoskrnl:ntoskrnl.exe
 0002:00000080       __imp__ZwClose@4           00403080     ntoskrnl:ntoskrnl.exe
 0002:00000084       __imp_@ObfDereferenceObject@4 00403084     ntoskrnl:ntoskrnl.exe
 0002:00000088       __imp__IoGetCurrentProcess@0 00403088     ntoskrnl:ntoskrnl.exe
 0002:0000008c       __imp_@ExInterlockedPushEntrySList@12 0040308c     ntoskrnl:ntoskrnl.exe
 0002:00000090       __imp_@ExInterlockedPopEntrySList@8 00403090     ntoskrnl:ntoskrnl.exe
 0002:00000094       __imp__KeQuerySystemTime@4 00403094     ntoskrnl:ntoskrnl.exe
 0002:00000098       __imp__RtlStringFromGUID@8 00403098     ntoskrnl:ntoskrnl.exe
 0002:0000009c       __imp__RtlFreeUnicodeString@4 0040309c     ntoskrnl:ntoskrnl.exe
 0002:000000a0       __imp__memcpy              004030a0     ntoskrnl:ntoskrnl.exe
 0002:000000a4       __imp___snwprintf          004030a4     ntoskrnl:ntoskrnl.exe
 0002:000000a8       __imp__FsRtlIsNtstatusExpected@4 004030a8     ntoskrnl:ntoskrnl.exe
 0002:000000ac       __imp__ExDeleteNPagedLookasideList@4 004030ac     ntoskrnl:ntoskrnl.exe
 0002:000000b0       __imp__ExInitializeNPagedLookasideList@28 004030b0     ntoskrnl:ntoskrnl.exe
 0002:000000b4       __imp__KeInitializeSpinLock@4 004030b4     ntoskrnl:ntoskrnl.exe
 0002:000000b8       __imp__RtlInitUnicodeString@8 004030b8     ntoskrnl:ntoskrnl.exe
 0002:000000bc       \177ntoskrnl_NULL_THUNK_DATA 004030bc     ntoskrnl:ntoskrnl.exe
 0002:000000c0       ___guard_check_icall_fptr  004030c0     BufferOverflowFastFailK:guard_support.obj
 0002:000000d0       _GUID_ECP_PREFETCH_OPEN    004030d0     mspyLib.obj
 0002:000000e0       _GUID_ECP_NFS_OPEN         004030e0     mspyLib.obj
 0002:000000f0       _GUID_ECP_SRV_OPEN         004030f0     mspyLib.obj
 0002:00000100       _GUID_ECP_OPLOCK_KEY       00403100     mspyLib.obj
 0002:00000148       __load_config_used         00403148     BufferOverflowFastFailK:loadcfg.obj
 0002:000001b0       ___safe_se_handler_table   004031b0     <linker-defined>
 0003:00000004       ___security_cookie_complement 00404004     BufferOverflowFastFailK:gs_support.obj
 0003:00000008       ___security_cookie         00404008     BufferOverflowFastFailK:gs_support.obj
 0003:0000000c       __NLG_Destination          0040400c     ntoskrnl:_nlgsupp.obj
 0003:00000020       _StatusToBreakOn           00404020     minispy.obj
 0003:00000040       _MiniSpyData               00404040     <common>
 0004:00000000       _SpyConnect@20             00405000 f   minispy.obj
 0004:00000080       _SpyDisconnect@4           00405080 f   minispy.obj
 0004:000000e0       _SpyFilterUnload@4         004050e0 f   minispy.obj
 0004:00000150       _SpyMessage@24             00405150 f   minispy.obj
 0004:00000330       _SpyQueryTeardown@8        00405330 f   minispy.obj
 0004:00000380       _SpyBuildEcpDataString@12  00405380 f   mspyLib.obj
 0004:00000a00       _SpyParseEcps@12           00405a00 f   mspyLib.obj
 0004:00000c22       ??_C@_1BE@BEIFHMBJ@?$AA?$FL?$AA?$CF?$AAd?$AA?5?$AAE?$AAC?$AAP?$AAs?$AA?3?$AA?$AA@NNGAKEGL@ 00405c22     mspyLib.obj
 0004:00000c36       ??_C@_1CI@EAGFGNMG@?$AA?$CF?$AAs?$AA?5?$AAO?$AAP?$AAL?$AAO?$AAC?$AAK?$AA?5?$AAK?$AAE?$AAY?$AA?3?$AA?5?$AA?$CF?$AAw?$AAZ?$AA?$DL?$AA?$AA@NNGAKEGL@ 00405c36     mspyLib.obj
 0004:00000c5e       ??_C@_1CO@IBCLHBAL@?$AA?$CF?$AAs?$AA?5?$AAI?$AAN?$AAV?$AAA?$AAL?$AAI?$AAD?$AA?5?$AAO?$AAP?$AAL?$AAO?$AAC?$AAK?$AA?5?$AAK?$AAE?$AAY?$AA?$DL?$AA?$AA@NNGAKEGL@ 00405c5e     mspyLib.obj
 0004:00000c8c       ??_C@_1DA@EMBHPAKK@?$AA?$CF?$AAs?$AA?5?$AAN?$AAF?$AAS?$AA?5?$AAS?$AAH?$AAA?$AAR?$AAE?$AA?5?$AAN?$AAA?$AAM?$AAE?$AA?3?$AA?5?$AA?$CF?$AAw?$AAZ?$AA?0?$AA?$AA@NNGAKEGL@ 00405c8c     mspyLib.obj
 0004:00000cbc       ??_C@_1DA@MICJNEMM@?$AA?$CF?$AAs?$AA?5?$AAN?$AAF?$AAS?$AA?5?$AAS?$AAO?$AAC?$AAK?$AAE?$AAT?$AA?5?$AAA?$AAD?$AAD?$AAR?$AA?3?$AA?5?$AA?$CF?$AAS?$AA?$DL?$AA?$AA@NNGAKEGL@ 00405cbc     mspyLib.obj
 0004:00000cec       ??_C@_1DI@CIFPBNLA@?$AA?$CF?$AAs?$AA?5?$AAN?$AAF?$AAS?$AA?5?$AAI?$AAN?$AAV?$AAA?$AAL?$AAI?$AAD?$AA?5?$AAS?$AAO?$AAC?$AAK?$AAE?$AAT?$AA?5?$AAA?$AAD?$AAD?$AAR?$AA?$DL?$AA?$AA@NNGAKEGL@ 00405cec     mspyLib.obj
 0004:00000d24       ??_C@_1DA@OMKIHAGO@?$AA?$CF?$AAs?$AA?5?$AAS?$AAR?$AAV?$AA?5?$AAS?$AAH?$AAA?$AAR?$AAE?$AA?5?$AAN?$AAA?$AAM?$AAE?$AA?3?$AA?5?$AA?$CF?$AAw?$AAZ?$AA?0?$AA?$AA@NNGAKEGL@ 00405d24     mspyLib.obj
 0004:00000d54       ??_C@_1DA@GIJGFEAI@?$AA?$CF?$AAs?$AA?5?$AAS?$AAR?$AAV?$AA?5?$AAS?$AAO?$AAC?$AAK?$AAE?$AAT?$AA?5?$AAA?$AAD?$AAD?$AAR?$AA?3?$AA?5?$AA?$CF?$AAS?$AA?$DL?$AA?$AA@NNGAKEGL@ 00405d54     mspyLib.obj
 0004:00000d84       ??_C@_1DI@MFBOIALJ@?$AA?$CF?$AAs?$AA?5?$AAS?$AAR?$AAV?$AA?5?$AAI?$AAN?$AAV?$AAA?$AAL?$AAI?$AAD?$AA?5?$AAS?$AAO?$AAC?$AAK?$AAE?$AAT?$AA?5?$AAA?$AAD?$AAD?$AAR?$AA?$DL?$AA?$AA@NNGAKEGL@ 00405d84     mspyLib.obj
 0004:00000dbc       ??_C@_13GAMECHAC@?$AAF?$AA?$AA@NNGAKEGL@ 00405dbc     mspyLib.obj
 0004:00000dc0       ??_C@_13IMODFHAA@?$AA?9?$AA?$AA@NNGAKEGL@ 00405dc0     mspyLib.obj
 0004:00000dc4       ??_C@_13PNBDBPLL@?$AAA?$AA?$AA@NNGAKEGL@ 00405dc4     mspyLib.obj
 0004:00000dc8       ??_C@_13OPKGLAFF@?$AAB?$AA?$AA@NNGAKEGL@ 00405dc8     mspyLib.obj
 0004:00000dcc       ??_C@_1CM@OOEAPBPF@?$AA?$CF?$AAs?$AA?5?$AAS?$AAR?$AAV?$AA?5?$AAF?$AAL?$AAA?$AAG?$AAS?$AA?3?$AA?5?$AA?$CF?$AAs?$AA?$CF?$AAs?$AA?$CF?$AAs?$AA?$DL?$AA?$AA@NNGAKEGL@ 00405dcc     mspyLib.obj
 0004:00000df8       ??_C@_1BK@LHDLIODC@?$AA?$CF?$AAs?$AA?5?$AAP?$AAR?$AAE?$AAF?$AAE?$AAT?$AAC?$AAH?$AA?$DL?$AA?$AA@NNGAKEGL@ 00405df8     mspyLib.obj
 0004:00000e12       ??_C@_1CI@LNFBFLOO@?$AA?$CF?$AAs?$AA?5?$AA?$CF?$AAd?$AA?5?$AAu?$AAn?$AAk?$AAn?$AAo?$AAw?$AAn?$AA?5?$AAE?$AAC?$AAP?$AAs?$AA?$FN?$AA?$AA@NNGAKEGL@ 00405e12     mspyLib.obj
 0004:00000e3a       ??_C@_17JPJKOELE@?$AA?$CF?$AAs?$AA?$FN?$AA?$AA@NNGAKEGL@ 00405e3a     mspyLib.obj
 0005:00000000       _DriverEntry@8             00406000 f   minispy.obj
 0005:00000200       _SpyReadDriverParameters@4 00406200 f   mspyLib.obj
 0005:0000035e       _GsDriverEntry@8           0040635e f   BufferOverflowFastFailK:gs_driverentry.obj
 0005:0000036e       ___security_init_cookie    0040636e f   BufferOverflowFastFailK:gs_support.obj
 0005:0000038c       ??_C@_0BJ@PEGHOHFM@FltSetTransactionContext?$AA@PBOPGDP@ 0040638c     minispy.obj
 0005:000003a6       ??_C@_0BJ@BDBDOBN@FltGetTransactionContext?$AA@PBOPGDP@ 004063a6     minispy.obj
 0005:000003c0       ??_C@_0BH@NBIOBFIH@FltEnlistInTransaction?$AA@PBOPGDP@ 004063c0     minispy.obj
 0005:000003d8       ??_C@_1BK@DICPLIGM@?$AA?2?$AAM?$AAi?$AAn?$AAi?$AAS?$AAp?$AAy?$AAP?$AAo?$AAr?$AAt?$AA?$AA@PBOPGDP@ 004063d8     minispy.obj
 0005:000003f2       ??_C@_1BG@MHDFHEJC@?$AAM?$AAa?$AAx?$AAR?$AAe?$AAc?$AAo?$AAr?$AAd?$AAs?$AA?$AA@PBOPGDP@ 004063f2     mspyLib.obj
 0005:00000408       ??_C@_1CA@GONDOMMD@?$AAN?$AAa?$AAm?$AAe?$AAQ?$AAu?$AAe?$AAr?$AAy?$AAM?$AAe?$AAt?$AAh?$AAo?$AAd?$AA?$AA@PBOPGDP@ 00406408     mspyLib.obj
 0005:00000428       __IMPORT_DESCRIPTOR_ntoskrnl 00406428     ntoskrnl:ntoskrnl.exe
 0005:0000043c       __IMPORT_DESCRIPTOR_HAL    0040643c     hal:HAL.dll
 0005:00000450       __IMPORT_DESCRIPTOR_FLTMGR 00406450     fltMgr:FLTMGR.SYS
 0005:00000464       __NULL_IMPORT_DESCRIPTOR   00406464     ntoskrnl:ntoskrnl.exe
 0006:00000000       _Callbacks                 00407000     RegistrationData.obj
 0006:00000320       _Contexts                  00407320     RegistrationData.obj
 0006:00000358       _FilterRegistration        00407358     RegistrationData.obj

 entry point at        0005:0000035e

 Static symbols

 0000:ffff6000       .debug$S                   00400000     ntoskrnl:ntoskrnl.exe
 0000:ffff6000       .debug$S                   00400000     fltMgr:FLTMGR.SYS
 0000:ffff6000       .debug$S                   00400000     fltMgr:FLTMGR.SYS
 0000:ffff6000       .debug$S                   00400000     fltMgr:FLTMGR.SYS
 0000:ffff6000       .debug$S                   00400000     fltMgr:FLTMGR.SYS
 0000:ffff6000       .debug$S                   00400000     fltMgr:FLTMGR.SYS
 0000:ffff6000       .debug$S                   00400000     fltMgr:FLTMGR.SYS
 0000:ffff6000       .debug$S                   00400000     fltMgr:FLTMGR.SYS
 0000:ffff6000       .debug$S                   00400000     fltMgr:FLTMGR.SYS
 0000:ffff6000       .debug$S                   00400000     fltMgr:FLTMGR.SYS
 0000:ffff6000       .debug$S                   00400000     ntoskrnl:ntoskrnl.exe
 0000:ffff6000       .debug$S                   00400000     ntoskrnl:ntoskrnl.exe
 0000:ffff6000       .debug$S                   00400000     ntoskrnl:ntoskrnl.exe
 0000:ffff6000       .debug$S                   00400000     ntoskrnl:ntoskrnl.exe
 0000:ffff6000       .debug$S                   00400000     ntoskrnl:ntoskrnl.exe
 0000:ffff6000       .debug$S                   00400000     ntoskrnl:ntoskrnl.exe
 0000:ffff6000       .debug$S                   00400000     ntoskrnl:ntoskrnl.exe
 0000:ffff6000       .debug$S                   00400000     ntoskrnl:ntoskrnl.exe
 0000:ffff6000       .debug$S                   00400000     ntoskrnl:ntoskrnl.exe
 0000:ffff6000       .debug$S                   00400000     ntoskrnl:ntoskrnl.exe
 0000:ffff6000       .debug$S                   00400000     ntoskrnl:ntoskrnl.exe
 0000:ffff6000       .debug$S                   00400000     ntoskrnl:ntoskrnl.exe
 0000:ffff6000       .debug$S                   00400000     ntoskrnl:ntoskrnl.exe
 0000:ffff6000       .debug$S                   00400000     ntoskrnl:ntoskrnl.exe
 0000:ffff6000       .debug$S                   00400000     ntoskrnl:ntoskrnl.exe
 0000:ffff6000       .debug$S                   00400000     ntoskrnl:ntoskrnl.exe
 0000:ffff6000       .debug$S                   00400000     ntoskrnl:ntoskrnl.exe
 0000:ffff6000       .debug$S                   00400000     ntoskrnl:ntoskrnl.exe
 0000:ffff6000       .debug$S                   00400000     fltMgr:FLTMGR.SYS
 0000:ffff6000       .debug$S                   00400000     ntoskrnl:ntoskrnl.exe
 0000:ffff6000       .debug$S                   00400000     ntoskrnl:ntoskrnl.exe
 0000:ffff6000       .debug$S                   00400000     ntoskrnl:ntoskrnl.exe
 0000:ffff6000       .debug$S                   00400000     ntoskrnl:ntoskrnl.exe
 0000:ffff6000       .debug$S                   00400000     hal:HAL.dll
 0000:ffff6000       .debug$S                   00400000     hal:HAL.dll
 0000:ffff6000       .debug$S                   00400000     hal:HAL.dll
 0000:ffff6000       .debug$S                   00400000     fltMgr:FLTMGR.SYS
 0000:ffff6000       .debug$S                   00400000     fltMgr:FLTMGR.SYS
 0000:ffff6000       .debug$S                   00400000     fltMgr:FLTMGR.SYS
 0000:ffff6000       .debug$S                   00400000     fltMgr:FLTMGR.SYS
 0000:ffff6000       .debug$S                   00400000     fltMgr:FLTMGR.SYS
 0000:ffff6000       .debug$S                   00400000     fltMgr:FLTMGR.SYS
 0000:ffff6000       .debug$S                   00400000     fltMgr:FLTMGR.SYS
 0000:ffff6000       .debug$S                   00400000     fltMgr:FLTMGR.SYS
 0000:ffff6000       .debug$S                   00400000     fltMgr:FLTMGR.SYS
 0001:0000142c       $$000000                   0040242c     ntoskrnl:exsup4.obj
 0001:000014bc       __unwind_handler4          004024bc f   ntoskrnl:exsup4.obj
 0001:00001580       $$000000                   00402580     ntoskrnl:_nlgsupp.obj
 0002:000003a0       __sehtable$_DriverEntry@8  004033a0     minispy.obj
 0002:000003c0       __sehtable$_SpyMessage@24  004033c0     minispy.obj
 0002:000003e8       __sehtable$_SpyGetLog@12   004033e8     mspyLib.obj
 0003:00000000       ?Sequence@?1??SpyEnlistInTransaction@@9@9 00404000     minispy.obj
 0005:00000710       .idata$6                   00406710     ntoskrnl:ntoskrnl.exe
 0005:00000766       .idata$6                   00406766     hal:HAL.dll
 0005:0000095c       .idata$6                   0040695c     fltMgr:FLTMGR.SYS
 0007:000000b0       $R000000                   004080b0     minispy.res
 0007:000000e8       $R000038                   004080e8     minispy.res
